Microchip MPLAB XC8 Compiler V1.42 ()

Linker command line:

-W-3 --edf=C:\Program Files (x86)\Microchip\xc8\v1.42\dat\en_msgs.txt -cs \
  -h+dist/default/debug\LCD.X.debug.sym \
  --cmf=dist/default/debug\LCD.X.debug.cmf -z -Q16F887 \
  -oC:\Users\MICROC~1\AppData\Local\Temp\s6io.2 \
  -Mdist/default/debug/LCD.X.debug.map -E1 -ver=XC8 -ASTACK=0110h-016fh \
  -pstack=STACK -ACODE=00h-07FFhx3,01800h-01EFFh -ASTRCODE=00h-01EFFh \
  -ASTRING=00h-0FFhx31 -ACONST=00h-0FFhx31 -AENTRY=00h-0FFhx31 \
  -ACOMMON=071h-07Fh -ABANK0=020h-06Fh -ABANK1=0A0h-0EFh \
  -ABANK2=0110h-016Fh -ABANK3=0190h-01E4h \
  -ARAM=020h-06Fh,0A0h-0EFh,0110h-016Fh,0190h-01E4h \
  -AABS1=020h-07Fh,0A0h-0EFh,0110h-016Fh,0190h-01EFh -ASFR0=00h-01Fh \
  -ASFR1=080h-09Fh -ASFR2=0100h-010Fh -ASFR3=0180h-018Fh \
  -preset_vec=00h,intentry,init,end_init -ppowerup=CODE -pcinit=CODE \
  -pfunctab=CODE -ACONFIG=02007h-02008h -pconfig=CONFIG -DCONFIG=2 \
  -AIDLOC=02000h-02003h -pidloc=IDLOC -DIDLOC=2 -AEEDATA=00h-0FFh/02100h \
  -peeprom_data=EEDATA -DEEDATA=2 -DCODE=2 -DSTRCODE=2 -DSTRING=2 -DCONST=2 \
  -DENTRY=2 -k C:\Users\MICROC~1\AppData\Local\Temp\s6io.obj \
  dist/default/debug\LCD.X.debug.obj 

Object code version is 3.11

Machine type is 16F887



                Name                               Link     Load   Length Selector   Space Scale
C:\Users\MICROC~1\AppData\Local\Temp\s6io.obj
                end_init                              1        1        3        0       0
                reset_vec                             0        0        1        0       0
                config                             2007     2007        2     400E       0
dist/default/debug\LCD.X.debug.obj
                cinit                               7F0      7F0       10      FE0       0
                text7                               6DC      6DC       17      DB8       0
                text6                               70F      70F       2A      E1E       0
                text5                               6A7      6A7       10      D4E       0
                text4                               7A6      7A6       4A      F4C       0
                text3                               6F3      6F3       1C      DE6       0
                text2                               739      739       2C      E72       0
                text1                               6C8      6C8       14      D90       0
                maintext                            765      765       41      ECA       0
                cstackBANK0                          2C       2C        C       20       1
                cstackCOMMON                         71       71        9       71       1
                inittext                            6B7      6B7       11      D6E       0
                dataBANK0                            20       20        C       20       1
                idataBANK0                          69B      69B        C      D36       0

TOTAL           Name                               Link     Load   Length     Space
        CLASS   STACK          

        CLASS   CODE           
                end_init                              1        1        3         0
                cinit                               7F0      7F0       10         0
                reset_vec                             0        0        1         0
                text7                               6DC      6DC       17         0
                text6                               70F      70F       2A         0
                text5                               6A7      6A7       10         0
                text4                               7A6      7A6       4A         0
                text3                               6F3      6F3       1C         0
                text2                               739      739       2C         0
                text1                               6C8      6C8       14         0
                maintext                            765      765       41         0
                inittext                            6B7      6B7       11         0
                idataBANK0                          69B      69B        C         0

        CLASS   STRCODE        

        CLASS   STRING         

        CLASS   CONST          

        CLASS   ENTRY          

        CLASS   COMMON         
                cstackCOMMON                         71       71        9         1

        CLASS   BANK0          
                cstackBANK0                          2C       2C        C         1
                dataBANK0                            20       20        C         1

        CLASS   BANK1          

        CLASS   BANK2          

        CLASS   BANK3          

        CLASS   RAM            

        CLASS   ABS1           
                abs_s1                               7E       7E        2         1

        CLASS   SFR0           

        CLASS   SFR1           

        CLASS   SFR2           

        CLASS   SFR3           

        CLASS   CONFIG         
                config                             2007     2007        2         0

        CLASS   IDLOC          

        CLASS   EEDATA         



SEGMENTS        Name                           Load    Length   Top    Selector   Space  Class     Delta

                reset_vec                      000000  000004  000004         0       0  CODE        2
                dataBANK0                      000020  000018  000038        20       1  BANK0       1
                cstackCOMMON                   000071  000009  00007A        71       1  COMMON      1
                idataBANK0                     00069B  00000C  0006A7       D36       0  CODE        2
                text5                          0006A7  000010  0006B7       D4E       0  CODE        2
                inittext                       0006B7  000011  0006C8       D6E       0  CODE        2
                text1                          0006C8  000014  0006DC       D90       0  CODE        2
                text7                          0006DC  000017  0006F3       DB8       0  CODE        2
                text3                          0006F3  00001C  00070F       DE6       0  CODE        2
                text6                          00070F  00002A  000739       E1E       0  CODE        2
                text2                          000739  00002C  000765       E72       0  CODE        2
                maintext                       000765  000041  0007A6       ECA       0  CODE        2
                text4                          0007A6  00004A  0007F0       F4C       0  CODE        2
                cinit                          0007F0  000010  000800       FE0       0  CODE        2
                config                         002007  000002  002009      400E       0  CONFIG      2


UNUSED ADDRESS RANGES

        Name                Unused          Largest block    Delta
        BANK0            0038-006F             38           1
        BANK1            00A0-00EF             50           1
        BANK2            0110-016F             60           1
        BANK3            0190-01E4             55           1
        CODE             0004-069A            697           2
                         0800-1EFF            800
        COMMON           007A-007D              4           1
        CONST            0004-069A            100           2
                         0800-1EFF            100
        EEDATA           2100-21FF            100           2
        ENTRY            0004-069A            100           2
                         0800-1EFF            100
        IDLOC            2000-2003              4           2
        RAM              0038-006F             38           1
                         00A0-00EF             50
                         0110-016F             60
                         0190-01E4             55
        SFR0             0000-001F             20           1
        SFR1             0080-009F             20           1
        SFR2             0100-010F             10           1
        SFR3             0180-018F             10           1
        STACK            0110-016F             60           1
        STRCODE          0004-069A            697           2
                         0800-1EFF           1700
        STRING           0004-069A            100           2
                         0800-1EFF            100

                                  Symbol Table

_ANSEL                    (abs)        0188
_ANSELH                   (abs)        0189
_Init                     text7        06DC
_OSCCON                   (abs)        008F
_PORTA                    (abs)        0005
_PORTB                    (abs)        0006
_PORTD                    (abs)        0008
_PORTE                    (abs)        0009
_TRISA                    (abs)        0085
_TRISB                    (abs)        0086
_TRISC                    (abs)        0087
_TRISD                    (abs)        0088
_TRISE                    (abs)        0089
__CFG_BOR4V$BOR40V        (abs)        0000
__CFG_BOREN$OFF           (abs)        0000
__CFG_CP$OFF              (abs)        0000
__CFG_CPD$OFF             (abs)        0000
__CFG_FCMEN$ON            (abs)        0000
__CFG_FOSC$INTRC_NOCLKOUT (abs)        0000
__CFG_IESO$OFF            (abs)        0000
__CFG_LVP$ON              (abs)        0000
__CFG_MCLRE$ON            (abs)        0000
__CFG_PWRTE$ON            (abs)        0000
__CFG_WDTE$OFF            (abs)        0000
__CFG_WRT$OFF             (abs)        0000
__Habs1                   abs1         0000
__Hbank0                  bank0        0000
__Hbank1                  bank1        0000
__Hbank2                  bank2        0000
__Hbank3                  bank3        0000
__Hcinit                  cinit        0800
__Hclrtext                clrtext      0000
__Hcode                   code         0000
__Hcommon                 common       0000
__Hconfig                 config       2009
__HcstackBANK0            cstackBANK0  0000
__HcstackCOMMON           cstackCOMMON 0000
__HdataBANK0              dataBANK0    0000
__Heeprom_data            eeprom_data  0000
__Hend_init               end_init     0004
__Hfunctab                functab      0000
__HidataBANK0             idataBANK0   0000
__Hidloc                  idloc        0000
__Hinit                   init         0001
__Hinittext               inittext     0000
__Hintentry               intentry     0001
__Hmaintext               maintext     0000
__Hpowerup                powerup      0000
__Hram                    ram          0000
__Hreset_vec              reset_vec    0001
__Hsfr0                   sfr0         0000
__Hsfr1                   sfr1         0000
__Hsfr2                   sfr2         0000
__Hsfr3                   sfr3         0000
__Hspace_0                (abs)        2009
__Hspace_1                (abs)        007A
__Hspace_2                (abs)        0000
__Hspace_3                (abs)        0000
__Hstack                  stack        0000
__Hstrings                strings      0000
__Htext                   text         0000
__Labs1                   abs1         0000
__Lbank0                  bank0        0000
__Lbank1                  bank1        0000
__Lbank2                  bank2        0000
__Lbank3                  bank3        0000
__Lcinit                  cinit        07F0
__Lclrtext                clrtext      0000
__Lcode                   code         0000
__Lcommon                 common       0000
__Lconfig                 config       2007
__LcstackBANK0            cstackBANK0  0000
__LcstackCOMMON           cstackCOMMON 0000
__LdataBANK0              dataBANK0    0000
__Leeprom_data            eeprom_data  0000
__Lend_init               end_init     0001
__Lfunctab                functab      0000
__LidataBANK0             idataBANK0   0000
__Lidloc                  idloc        0000
__Linit                   init         0001
__Linittext               inittext     0000
__Lintentry               intentry     0001
__Lmaintext               maintext     0000
__Lpowerup                powerup      0000
__Lram                    ram          0000
__Lreset_vec              reset_vec    0000
__Lsfr0                   sfr0         0000
__Lsfr1                   sfr1         0000
__Lsfr2                   sfr2         0000
__Lsfr3                   sfr3         0000
__Lspace_0                (abs)        0000
__Lspace_1                (abs)        0000
__Lspace_2                (abs)        0000
__Lspace_3                (abs)        0000
__Lstack                  stack        0000
__Lstrings                strings      0000
__Ltext                   text         0000
__S0                      (abs)        2009
__S1                      (abs)        007A
__S2                      (abs)        0000
__S3                      (abs)        0000
___int_sp                 stack        0000
___latbits                (abs)        0002
___sp                     stack        0000
__end_of_Init             text7        06F3
__end_of__initialization  cinit        07FC
__end_of_lcd_clear        text5        06B7
__end_of_lcd_cmd          text6        0739
__end_of_lcd_data         text2        0765
__end_of_lcd_init         text3        070F
__end_of_lcd_reset        text4        07F0
__end_of_lcd_send_string  text1        06DC
__end_of_main             maintext     07A6
__initialization          cinit        07F0
__pcstackBANK0            cstackBANK0  002C
__pcstackCOMMON           cstackCOMMON 0071
__pdataBANK0              dataBANK0    0020
__pidataBANK0             idataBANK0   069B
__pmaintext               maintext     0765
__ptext1                  text1        06C8
__ptext2                  text2        0739
__ptext3                  text3        06F3
__ptext4                  text4        07A6
__ptext5                  text5        06A7
__ptext6                  text6        070F
__ptext7                  text7        06DC
__size_of_Init            (abs)        0000
__size_of_lcd_clear       (abs)        0000
__size_of_lcd_cmd         (abs)        0000
__size_of_lcd_data        (abs)        0000
__size_of_lcd_init        (abs)        0000
__size_of_lcd_reset       (abs)        0000
__size_of_lcd_send_string (abs)        0000
__size_of_main            (abs)        0000
_lcd_clear                text5        06A7
_lcd_cmd                  text6        070F
_lcd_data                 text2        0739
_lcd_init                 text3        06F3
_lcd_reset                text4        07A6
_lcd_send_string          text1        06C8
_main                     maintext     0765
btemp                     (abs)        007E
end_of_initialization     cinit        07FC
init_fetch0               inittext     06B7
init_ram0                 inittext     06BB
intlevel0                 functab      0000
intlevel1                 functab      0000
intlevel2                 functab      0000
intlevel3                 functab      0000
intlevel4                 functab      0000
intlevel5                 functab      0000
lcd_cmd@cmd               cstackCOMMON 0072
lcd_data@dat              cstackCOMMON 0072
lcd_send_string@length    cstackCOMMON 0073
lcd_send_string@str       cstackCOMMON 0075
main@F1683                dataBANK0    0020
main@text                 cstackBANK0  002C
reset_vec                 reset_vec    0000
stackhi                   (abs)        0000
stacklo                   (abs)        0000
start                     init         0001
start_initialization      cinit        07F0
wtemp0                    (abs)        007E


FUNCTION INFORMATION:

 *************** function _main *****************
 Defined at:
		line 112 in file "main_LCD.c"
 Parameters:    Size  Location     Type
		None
 Auto vars:     Size  Location     Type
  text           12    0[BANK0 ] unsigned char [12]
 Return value:  Size  Location     Type
                  1    wreg      void 
 Registers used:
		wreg, fsr0l, fsr0h, status,2, status,0, pclath, cstack
 Tracked objects:
		On entry : 
		On exit  : 
		Unchanged: 
 Data sizes:     COMMON   BANK0   BANK1   BANK3   BANK2
      Params:         0       0       0       0       0
      Locals:         0      12       0       0       0
      Temps:          4       0       0       0       0
      Totals:         4      12       0       0       0
Total ram usage:       16 bytes
 Hardware stack levels required when called:    2
 This function calls:
		_Init
		_lcd_clear
		_lcd_init
		_lcd_send_string
 This function is called by:
		Startup code after reset
 This function uses a non-reentrant model


 *************** function _lcd_send_string *****************
 Defined at:
		line 84 in file "main_LCD.c"
 Parameters:    Size  Location     Type
  str             1    wreg     PTR unsigned char 
		 -> main@text(12), 
  length          1    2[COMMON] unsigned char 
 Auto vars:     Size  Location     Type
  str             1    4[COMMON] PTR unsigned char 
		 -> main@text(12), 
 Return value:  Size  Location     Type
                  1    wreg      void 
 Registers used:
		wreg, fsr0l, fsr0h, status,2, status,0, pclath, cstack
 Tracked objects:
		On entry : 
		On exit  : 
		Unchanged: 
 Data sizes:     COMMON   BANK0   BANK1   BANK3   BANK2
      Params:         1       0       0       0       0
      Locals:         1       0       0       0       0
      Temps:          1       0       0       0       0
      Totals:         3       0       0       0       0
Total ram usage:        3 bytes
 Hardware stack levels used:    1
 Hardware stack levels required when called:    1
 This function calls:
		_lcd_data
 This function is called by:
		_main
 This function uses a non-reentrant model


 *************** function _lcd_data *****************
 Defined at:
		line 73 in file "main_LCD.c"
 Parameters:    Size  Location     Type
  dat             1    wreg     unsigned char 
 Auto vars:     Size  Location     Type
  dat             1    1[COMMON] unsigned char 
 Return value:  Size  Location     Type
                  1    wreg      void 
 Registers used:
		wreg, status,2, status,0
 Tracked objects:
		On entry : 
		On exit  : 
		Unchanged: 
 Data sizes:     COMMON   BANK0   BANK1   BANK3   BANK2
      Params:         0       0       0       0       0
      Locals:         1       0       0       0       0
      Temps:          1       0       0       0       0
      Totals:         2       0       0       0       0
Total ram usage:        2 bytes
 Hardware stack levels used:    1
 This function calls:
		Nothing
 This function is called by:
		_lcd_send_string
 This function uses a non-reentrant model


 *************** function _lcd_init *****************
 Defined at:
		line 60 in file "main_LCD.c"
 Parameters:    Size  Location     Type
		None
 Auto vars:     Size  Location     Type
		None
 Return value:  Size  Location     Type
                  1    wreg      void 
 Registers used:
		wreg, status,2, status,0, pclath, cstack
 Tracked objects:
		On entry : 
		On exit  : 
		Unchanged: 
 Data sizes:     COMMON   BANK0   BANK1   BANK3   BANK2
      Params:         0       0       0       0       0
      Locals:         0       0       0       0       0
      Temps:          0       0       0       0       0
      Totals:         0       0       0       0       0
Total ram usage:        0 bytes
 Hardware stack levels used:    1
 Hardware stack levels required when called:    1
 This function calls:
		_lcd_cmd
		_lcd_reset
 This function is called by:
		_main
 This function uses a non-reentrant model


 *************** function _lcd_reset *****************
 Defined at:
		line 30 in file "main_LCD.c"
 Parameters:    Size  Location     Type
		None
 Auto vars:     Size  Location     Type
		None
 Return value:  Size  Location     Type
                  1    wreg      void 
 Registers used:
		wreg
 Tracked objects:
		On entry : 
		On exit  : 
		Unchanged: 
 Data sizes:     COMMON   BANK0   BANK1   BANK3   BANK2
      Params:         0       0       0       0       0
      Locals:         0       0       0       0       0
      Temps:          2       0       0       0       0
      Totals:         2       0       0       0       0
Total ram usage:        2 bytes
 Hardware stack levels used:    1
 This function calls:
		Nothing
 This function is called by:
		_lcd_init
 This function uses a non-reentrant model


 *************** function _lcd_clear *****************
 Defined at:
		line 89 in file "main_LCD.c"
 Parameters:    Size  Location     Type
		None
 Auto vars:     Size  Location     Type
		None
 Return value:  Size  Location     Type
                  1    wreg      void 
 Registers used:
		wreg, status,2, status,0, pclath, cstack
 Tracked objects:
		On entry : 
		On exit  : 
		Unchanged: 
 Data sizes:     COMMON   BANK0   BANK1   BANK3   BANK2
      Params:         0       0       0       0       0
      Locals:         0       0       0       0       0
      Temps:          2       0       0       0       0
      Totals:         2       0       0       0       0
Total ram usage:        2 bytes
 Hardware stack levels used:    1
 Hardware stack levels required when called:    1
 This function calls:
		_lcd_cmd
 This function is called by:
		_main
 This function uses a non-reentrant model


 *************** function _lcd_cmd *****************
 Defined at:
		line 48 in file "main_LCD.c"
 Parameters:    Size  Location     Type
  cmd             1    wreg     unsigned char 
 Auto vars:     Size  Location     Type
  cmd             1    1[COMMON] unsigned char 
 Return value:  Size  Location     Type
                  1    wreg      void 
 Registers used:
		wreg, status,2, status,0
 Tracked objects:
		On entry : 
		On exit  : 
		Unchanged: 
 Data sizes:     COMMON   BANK0   BANK1   BANK3   BANK2
      Params:         0       0       0       0       0
      Locals:         1       0       0       0       0
      Temps:          1       0       0       0       0
      Totals:         2       0       0       0       0
Total ram usage:        2 bytes
 Hardware stack levels used:    1
 This function calls:
		Nothing
 This function is called by:
		_lcd_init
		_lcd_clear
		_lcd_return_home
		_lcd_cursor_position
		_lcd_entry_mode_set
 This function uses a non-reentrant model


 *************** function _Init *****************
 Defined at:
		line 18 in file "main_LCD.c"
 Parameters:    Size  Location     Type
		None
 Auto vars:     Size  Location     Type
		None
 Return value:  Size  Location     Type
                  1    wreg      void 
 Registers used:
		wreg, status,2
 Tracked objects:
		On entry : 
		On exit  : 
		Unchanged: 
 Data sizes:     COMMON   BANK0   BANK1   BANK3   BANK2
      Params:         0       0       0       0       0
      Locals:         0       0       0       0       0
      Temps:          0       0       0       0       0
      Totals:         0       0       0       0       0
Total ram usage:        0 bytes
 Hardware stack levels used:    1
 This function calls:
		Nothing
 This function is called by:
		_main
 This function uses a non-reentrant model



MODULE INFORMATION

Module		Function		Class		Link	Load	Size
main_LCD.c
		_lcd_cmd       		CODE           	070F	0000	43
		_lcd_data      		CODE           	0739	0000	45
		_main          		CODE           	0765	0000	66
		_lcd_reset     		CODE           	07A6	0000	75
		_lcd_clear     		CODE           	06A7	0000	17
		_lcd_send_string		CODE           	06C8	0000	21
		_Init          		CODE           	06DC	0000	24
		_lcd_init      		CODE           	06F3	0000	29

main_LCD.c estimated size: 320

shared
		__initialization		CODE           	07F0	0000	13

shared estimated size: 13

