Microchip MPLAB XC8 Compiler V1.42 ()

Linker command line:

-W-3 --edf=C:\Program Files (x86)\Microchip\xc8\v1.42\dat\en_msgs.txt -cs \
  -h+dist/default/production\LCD.X.production.sym \
  --cmf=dist/default/production\LCD.X.production.cmf -z -Q16F887 \
  -oC:\Users\MICROC~1\AppData\Local\Temp\s7pk.2 \
  -Mdist/default/production/LCD.X.production.map -E1 -ver=XC8 \
  -ASTACK=0110h-016fh -pstack=STACK -ACODE=00h-07FFhx4 -ASTRCODE=00h-01FFFh \
  -ASTRING=00h-0FFhx32 -ACONST=00h-0FFhx32 -AENTRY=00h-0FFhx32 \
  -ACOMMON=070h-07Fh -ABANK0=020h-06Fh -ABANK1=0A0h-0EFh \
  -ABANK2=0110h-016Fh -ABANK3=0190h-01EFh \
  -ARAM=020h-06Fh,0A0h-0EFh,0110h-016Fh,0190h-01EFh \
  -AABS1=020h-07Fh,0A0h-0EFh,0110h-016Fh,0190h-01EFh -ASFR0=00h-01Fh \
  -ASFR1=080h-09Fh -ASFR2=0100h-010Fh -ASFR3=0180h-018Fh \
  -preset_vec=00h,intentry,init,end_init -ppowerup=CODE -pcinit=CODE \
  -pfunctab=CODE -ACONFIG=02007h-02008h -pconfig=CONFIG -DCONFIG=2 \
  -AIDLOC=02000h-02003h -pidloc=IDLOC -DIDLOC=2 -AEEDATA=00h-0FFh/02100h \
  -peeprom_data=EEDATA -DEEDATA=2 -DCODE=2 -DSTRCODE=2 -DSTRING=2 -DCONST=2 \
  -DENTRY=2 -k C:\Users\MICROC~1\AppData\Local\Temp\s7pk.obj \
  dist/default/production\LCD.X.production.obj 

Object code version is 3.11

Machine type is 16F887



                Name                               Link     Load   Length Selector   Space Scale
C:\Users\MICROC~1\AppData\Local\Temp\s7pk.obj
                end_init                              0        0        3        0       0
                config                             2007     2007        2     400E       0
dist/default/production\LCD.X.production.obj
                cinit                               7E3      7E3       1D      FC6       0
                text8                               648      648       17      C90       0
                text7                               69D      69D       2A      D3A       0
                text6                               600      600       10      C00       0
                text5                               731      731       4A      E62       0
                text4                               65F      65F       1C      CBE       0
                text3                               6C7      6C7       2C      D8E       0
                text2                               634      634       14      C68       0
                text1                               6F3      6F3       3E      DE6       0
                maintext                            77B      77B       68      EF6       0
                cstackBANK0                          20       20       3A       20       1
                cstackCOMMON                         70       70        C       70       1
                inittext                            610      610       11      C20       0
                dataBANK1                            A0       A0       22       A0       1
                dataBANK0                            5A       5A       13       20       1
                idataBANK1                          67B      67B       22      CF6       0
                idataBANK0                          621      621       13      C42       0

TOTAL           Name                               Link     Load   Length     Space
        CLASS   STACK          

        CLASS   CODE           
                end_init                              0        0        3         0
                cinit                               7E3      7E3       1D         0
                text8                               648      648       17         0
                text7                               69D      69D       2A         0
                text6                               600      600       10         0
                text5                               731      731       4A         0
                text4                               65F      65F       1C         0
                text3                               6C7      6C7       2C         0
                text2                               634      634       14         0
                text1                               6F3      6F3       3E         0
                maintext                            77B      77B       68         0
                inittext                            610      610       11         0
                idataBANK1                          67B      67B       22         0
                idataBANK0                          621      621       13         0

        CLASS   STRCODE        

        CLASS   STRING         

        CLASS   CONST          

        CLASS   ENTRY          

        CLASS   COMMON         
                cstackCOMMON                         70       70        C         1

        CLASS   BANK0          
                cstackBANK0                          20       20       3A         1
                dataBANK0                            5A       5A       13         1

        CLASS   BANK1          
                dataBANK1                            A0       A0       22         1

        CLASS   BANK2          

        CLASS   BANK3          

        CLASS   RAM            

        CLASS   ABS1           
                abs_s1                               7E       7E        2         1

        CLASS   SFR0           

        CLASS   SFR1           

        CLASS   SFR2           

        CLASS   SFR3           

        CLASS   CONFIG         
                config                             2007     2007        2         0

        CLASS   IDLOC          

        CLASS   EEDATA         



SEGMENTS        Name                           Load    Length   Top    Selector   Space  Class     Delta

                reset_vec                      000000  000003  000003         0       0  CODE        2
                cstackBANK0                    000020  00004D  00006D        20       1  BANK0       1
                cstackCOMMON                   000070  00000C  00007C        70       1  COMMON      1
                dataBANK1                      0000A0  000022  0000C2        A0       1  BANK1       1
                text6                          000600  000010  000610       C00       0  CODE        2
                inittext                       000610  000011  000621       C20       0  CODE        2
                idataBANK0                     000621  000013  000634       C42       0  CODE        2
                text2                          000634  000014  000648       C68       0  CODE        2
                text8                          000648  000017  00065F       C90       0  CODE        2
                text4                          00065F  00001C  00067B       CBE       0  CODE        2
                idataBANK1                     00067B  000022  00069D       CF6       0  CODE        2
                text7                          00069D  00002A  0006C7       D3A       0  CODE        2
                text3                          0006C7  00002C  0006F3       D8E       0  CODE        2
                text1                          0006F3  00003E  000731       DE6       0  CODE        2
                text5                          000731  00004A  00077B       E62       0  CODE        2
                maintext                       00077B  000068  0007E3       EF6       0  CODE        2
                cinit                          0007E3  00001D  000800       FC6       0  CODE        2
                config                         002007  000002  002009      400E       0  CONFIG      2


UNUSED ADDRESS RANGES

        Name                Unused          Largest block    Delta
        BANK0            006D-006F              3           1
        BANK1            00C2-00EF             2E           1
        BANK2            0110-016F             60           1
        BANK3            0190-01EF             60           1
        CODE             0003-05FF            5FD           2
                         0800-1FFF            800
        COMMON           007C-007D              2           1
        CONST            0003-05FF            100           2
                         0800-1FFF            100
        EEDATA           2100-21FF            100           2
        ENTRY            0003-05FF            100           2
                         0800-1FFF            100
        IDLOC            2000-2003              4           2
        RAM              006D-006F              3           1
                         00C2-00EF             2E
                         0110-016F             60
                         0190-01EF             60
        SFR0             0000-001F             20           1
        SFR1             0080-009F             20           1
        SFR2             0100-010F             10           1
        SFR3             0180-018F             10           1
        STACK            0110-016F             60           1
        STRCODE          0003-05FF            5FD           2
                         0800-1FFF           1800
        STRING           0003-05FF            100           2
                         0800-1FFF            100

                                  Symbol Table

_ANSEL                    (abs)        0188
_ANSELH                   (abs)        0189
_Init                     text8        0648
_OSCCON                   (abs)        008F
_PORTA                    (abs)        0005
_PORTB                    (abs)        0006
_PORTD                    (abs)        0008
_PORTE                    (abs)        0009
_TRISA                    (abs)        0085
_TRISB                    (abs)        0086
_TRISC                    (abs)        0087
_TRISD                    (abs)        0088
_TRISE                    (abs)        0089
__CFG_BOR4V$BOR40V        (abs)        0000
__CFG_BOREN$OFF           (abs)        0000
__CFG_CP$OFF              (abs)        0000
__CFG_CPD$OFF             (abs)        0000
__CFG_FCMEN$ON            (abs)        0000
__CFG_FOSC$INTRC_NOCLKOUT (abs)        0000
__CFG_IESO$OFF            (abs)        0000
__CFG_LVP$ON              (abs)        0000
__CFG_MCLRE$ON            (abs)        0000
__CFG_PWRTE$ON            (abs)        0000
__CFG_WDTE$OFF            (abs)        0000
__CFG_WRT$OFF             (abs)        0000
__Habs1                   abs1         0000
__Hbank0                  bank0        0000
__Hbank1                  bank1        0000
__Hbank2                  bank2        0000
__Hbank3                  bank3        0000
__Hcinit                  cinit        0800
__Hclrtext                clrtext      0000
__Hcode                   code         0000
__Hcommon                 common       0000
__Hconfig                 config       2009
__HcstackBANK0            cstackBANK0  0000
__HcstackCOMMON           cstackCOMMON 0000
__HdataBANK0              dataBANK0    0000
__HdataBANK1              dataBANK1    0000
__Heeprom_data            eeprom_data  0000
__Hend_init               end_init     0003
__Hfunctab                functab      0000
__HidataBANK0             idataBANK0   0000
__HidataBANK1             idataBANK1   0000
__Hidloc                  idloc        0000
__Hinit                   init         0000
__Hinittext               inittext     0000
__Hintentry               intentry     0000
__Hmaintext               maintext     0000
__Hpowerup                powerup      0000
__Hram                    ram          0000
__Hreset_vec              reset_vec    0000
__Hsfr0                   sfr0         0000
__Hsfr1                   sfr1         0000
__Hsfr2                   sfr2         0000
__Hsfr3                   sfr3         0000
__Hspace_0                (abs)        2009
__Hspace_1                (abs)        00C2
__Hspace_2                (abs)        0000
__Hspace_3                (abs)        0000
__Hstack                  stack        0000
__Hstrings                strings      0000
__Htext                   text         0000
__Labs1                   abs1         0000
__Lbank0                  bank0        0000
__Lbank1                  bank1        0000
__Lbank2                  bank2        0000
__Lbank3                  bank3        0000
__Lcinit                  cinit        07E3
__Lclrtext                clrtext      0000
__Lcode                   code         0000
__Lcommon                 common       0000
__Lconfig                 config       2007
__LcstackBANK0            cstackBANK0  0000
__LcstackCOMMON           cstackCOMMON 0000
__LdataBANK0              dataBANK0    0000
__LdataBANK1              dataBANK1    0000
__Leeprom_data            eeprom_data  0000
__Lend_init               end_init     0000
__Lfunctab                functab      0000
__LidataBANK0             idataBANK0   0000
__LidataBANK1             idataBANK1   0000
__Lidloc                  idloc        0000
__Linit                   init         0000
__Linittext               inittext     0000
__Lintentry               intentry     0000
__Lmaintext               maintext     0000
__Lpowerup                powerup      0000
__Lram                    ram          0000
__Lreset_vec              reset_vec    0000
__Lsfr0                   sfr0         0000
__Lsfr1                   sfr1         0000
__Lsfr2                   sfr2         0000
__Lsfr3                   sfr3         0000
__Lspace_0                (abs)        0000
__Lspace_1                (abs)        0000
__Lspace_2                (abs)        0000
__Lspace_3                (abs)        0000
__Lstack                  stack        0000
__Lstrings                strings      0000
__Ltext                   text         0000
__S0                      (abs)        2009
__S1                      (abs)        00C2
__S2                      (abs)        0000
__S3                      (abs)        0000
___int_sp                 stack        0000
___latbits                (abs)        0002
___sp                     stack        0000
__end_of_Init             text8        065F
__end_of__initialization  cinit        07FC
__end_of_lcd_clear        text6        0610
__end_of_lcd_cmd          text7        06C7
__end_of_lcd_data         text3        06F3
__end_of_lcd_init         text4        067B
__end_of_lcd_out          text1        0731
__end_of_lcd_reset        text5        077B
__end_of_lcd_send_string  text2        0648
__end_of_main             maintext     07E3
__initialization          cinit        07E3
__pcstackBANK0            cstackBANK0  0020
__pcstackCOMMON           cstackCOMMON 0070
__pdataBANK0              dataBANK0    005A
__pdataBANK1              dataBANK1    00A0
__pidataBANK0             idataBANK0   0621
__pidataBANK1             idataBANK1   067B
__pmaintext               maintext     077B
__ptext1                  text1        06F3
__ptext2                  text2        0634
__ptext3                  text3        06C7
__ptext4                  text4        065F
__ptext5                  text5        0731
__ptext6                  text6        0600
__ptext7                  text7        069D
__ptext8                  text8        0648
__size_of_Init            (abs)        0000
__size_of_lcd_clear       (abs)        0000
__size_of_lcd_cmd         (abs)        0000
__size_of_lcd_data        (abs)        0000
__size_of_lcd_init        (abs)        0000
__size_of_lcd_out         (abs)        0000
__size_of_lcd_reset       (abs)        0000
__size_of_lcd_send_string (abs)        0000
__size_of_main            (abs)        0000
_lcd_clear                text6        0600
_lcd_cmd                  text7        069D
_lcd_data                 text3        06C7
_lcd_init                 text4        065F
_lcd_out                  text1        06F3
_lcd_reset                text5        0731
_lcd_send_string          text2        0634
_main                     maintext     077B
btemp                     (abs)        007E
end_of_initialization     cinit        07FC
init_fetch0               inittext     0610
init_ram0                 inittext     0614
intlevel0                 functab      0000
intlevel1                 functab      0000
intlevel2                 functab      0000
intlevel3                 functab      0000
intlevel4                 functab      0000
intlevel5                 functab      0000
lcd_cmd@cmd               cstackCOMMON 0071
lcd_data@dat              cstackCOMMON 0071
lcd_out@column            cstackCOMMON 0075
lcd_out@length            cstackCOMMON 0077
lcd_out@position          cstackCOMMON 007A
lcd_out@result            cstackCOMMON 0079
lcd_out@row               cstackCOMMON 007B
lcd_out@str               cstackCOMMON 0076
lcd_send_string@length    cstackCOMMON 0072
lcd_send_string@str       cstackCOMMON 0074
main@F1692                dataBANK0    006B
main@F1694                dataBANK0    005A
main@F1696                dataBANK1    00B1
main@F1698                dataBANK1    00A0
main@i                    cstackBANK0  0057
main@text                 cstackBANK0  0058
main@text1                cstackBANK0  0024
main@text2                cstackBANK0  0035
main@text3                cstackBANK0  0046
reset_vec                 reset_vec    0000
stackhi                   (abs)        0000
stacklo                   (abs)        0000
start                     init         0000
start_initialization      cinit        07E3
wtemp0                    (abs)        007E


FUNCTION INFORMATION:

 *************** function _main *****************
 Defined at:
		line 131 in file "main_LCD.c"
 Parameters:    Size  Location     Type
		None
 Auto vars:     Size  Location     Type
  text3          17   38[BANK0 ] unsigned char [17]
  text2          17   21[BANK0 ] unsigned char [17]
  text1          17    4[BANK0 ] unsigned char [17]
  text            2   56[BANK0 ] unsigned char [2]
  i               1   55[BANK0 ] unsigned char 
 Return value:  Size  Location     Type
                  1    wreg      void 
 Registers used:
		wreg, fsr0l, fsr0h, status,2, status,0, pclath, cstack
 Tracked objects:
		On entry : 
		On exit  : 
		Unchanged: 
 Data sizes:     COMMON   BANK0   BANK1   BANK3   BANK2
      Params:         0       0       0       0       0
      Locals:         0      54       0       0       0
      Temps:          0       4       0       0       0
      Totals:         0      58       0       0       0
Total ram usage:       58 bytes
 Hardware stack levels required when called:    3
 This function calls:
		_Init
		_lcd_clear
		_lcd_init
		_lcd_out
 This function is called by:
		Startup code after reset
 This function uses a non-reentrant model


 *************** function _lcd_out *****************
 Defined at:
		line 108 in file "main_LCD.c"
 Parameters:    Size  Location     Type
  row             1    wreg     unsigned char 
  column          1    5[COMMON] unsigned char 
  str             1    6[COMMON] PTR unsigned char 
		 -> main@text(2), 
  length          1    7[COMMON] unsigned char 
 Auto vars:     Size  Location     Type
  row             1   11[COMMON] unsigned char 
  position        1   10[COMMON] unsigned char 
  result          1    9[COMMON] unsigned char 
 Return value:  Size  Location     Type
                  1    wreg      void 
 Registers used:
		wreg, fsr0l, fsr0h, status,2, status,0, pclath, cstack
 Tracked objects:
		On entry : 
		On exit  : 
		Unchanged: 
 Data sizes:     COMMON   BANK0   BANK1   BANK3   BANK2
      Params:         3       0       0       0       0
      Locals:         3       0       0       0       0
      Temps:          1       0       0       0       0
      Totals:         7       0       0       0       0
Total ram usage:        7 bytes
 Hardware stack levels used:    1
 Hardware stack levels required when called:    2
 This function calls:
		_lcd_cmd
		_lcd_send_string
 This function is called by:
		_main
 This function uses a non-reentrant model


 *************** function _lcd_send_string *****************
 Defined at:
		line 84 in file "main_LCD.c"
 Parameters:    Size  Location     Type
  str             1    wreg     PTR unsigned char 
		 -> main@text(2), 
  length          1    2[COMMON] unsigned char 
 Auto vars:     Size  Location     Type
  str             1    4[COMMON] PTR unsigned char 
		 -> main@text(2), 
 Return value:  Size  Location     Type
                  1    wreg      void 
 Registers used:
		wreg, fsr0l, fsr0h, status,2, status,0, pclath, cstack
 Tracked objects:
		On entry : 
		On exit  : 
		Unchanged: 
 Data sizes:     COMMON   BANK0   BANK1   BANK3   BANK2
      Params:         1       0       0       0       0
      Locals:         1       0       0       0       0
      Temps:          1       0       0       0       0
      Totals:         3       0       0       0       0
Total ram usage:        3 bytes
 Hardware stack levels used:    1
 Hardware stack levels required when called:    1
 This function calls:
		_lcd_data
 This function is called by:
		_lcd_out
 This function uses a non-reentrant model


 *************** function _lcd_data *****************
 Defined at:
		line 73 in file "main_LCD.c"
 Parameters:    Size  Location     Type
  dat             1    wreg     unsigned char 
 Auto vars:     Size  Location     Type
  dat             1    1[COMMON] unsigned char 
 Return value:  Size  Location     Type
                  1    wreg      void 
 Registers used:
		wreg, status,2, status,0
 Tracked objects:
		On entry : 
		On exit  : 
		Unchanged: 
 Data sizes:     COMMON   BANK0   BANK1   BANK3   BANK2
      Params:         0       0       0       0       0
      Locals:         1       0       0       0       0
      Temps:          1       0       0       0       0
      Totals:         2       0       0       0       0
Total ram usage:        2 bytes
 Hardware stack levels used:    1
 This function calls:
		Nothing
 This function is called by:
		_lcd_send_string
 This function uses a non-reentrant model


 *************** function _lcd_init *****************
 Defined at:
		line 60 in file "main_LCD.c"
 Parameters:    Size  Location     Type
		None
 Auto vars:     Size  Location     Type
		None
 Return value:  Size  Location     Type
                  1    wreg      void 
 Registers used:
		wreg, status,2, status,0, pclath, cstack
 Tracked objects:
		On entry : 
		On exit  : 
		Unchanged: 
 Data sizes:     COMMON   BANK0   BANK1   BANK3   BANK2
      Params:         0       0       0       0       0
      Locals:         0       0       0       0       0
      Temps:          0       0       0       0       0
      Totals:         0       0       0       0       0
Total ram usage:        0 bytes
 Hardware stack levels used:    1
 Hardware stack levels required when called:    1
 This function calls:
		_lcd_cmd
		_lcd_reset
 This function is called by:
		_main
 This function uses a non-reentrant model


 *************** function _lcd_reset *****************
 Defined at:
		line 30 in file "main_LCD.c"
 Parameters:    Size  Location     Type
		None
 Auto vars:     Size  Location     Type
		None
 Return value:  Size  Location     Type
                  1    wreg      void 
 Registers used:
		wreg
 Tracked objects:
		On entry : 
		On exit  : 
		Unchanged: 
 Data sizes:     COMMON   BANK0   BANK1   BANK3   BANK2
      Params:         0       0       0       0       0
      Locals:         0       0       0       0       0
      Temps:          2       0       0       0       0
      Totals:         2       0       0       0       0
Total ram usage:        2 bytes
 Hardware stack levels used:    1
 This function calls:
		Nothing
 This function is called by:
		_lcd_init
 This function uses a non-reentrant model


 *************** function _lcd_clear *****************
 Defined at:
		line 89 in file "main_LCD.c"
 Parameters:    Size  Location     Type
		None
 Auto vars:     Size  Location     Type
		None
 Return value:  Size  Location     Type
                  1    wreg      void 
 Registers used:
		wreg, status,2, status,0, pclath, cstack
 Tracked objects:
		On entry : 
		On exit  : 
		Unchanged: 
 Data sizes:     COMMON   BANK0   BANK1   BANK3   BANK2
      Params:         0       0       0       0       0
      Locals:         0       0       0       0       0
      Temps:          2       0       0       0       0
      Totals:         2       0       0       0       0
Total ram usage:        2 bytes
 Hardware stack levels used:    1
 Hardware stack levels required when called:    1
 This function calls:
		_lcd_cmd
 This function is called by:
		_main
 This function uses a non-reentrant model


 *************** function _lcd_cmd *****************
 Defined at:
		line 48 in file "main_LCD.c"
 Parameters:    Size  Location     Type
  cmd             1    wreg     unsigned char 
 Auto vars:     Size  Location     Type
  cmd             1    1[COMMON] unsigned char 
 Return value:  Size  Location     Type
                  1    wreg      void 
 Registers used:
		wreg, status,2, status,0
 Tracked objects:
		On entry : 
		On exit  : 
		Unchanged: 
 Data sizes:     COMMON   BANK0   BANK1   BANK3   BANK2
      Params:         0       0       0       0       0
      Locals:         1       0       0       0       0
      Temps:          1       0       0       0       0
      Totals:         2       0       0       0       0
Total ram usage:        2 bytes
 Hardware stack levels used:    1
 This function calls:
		Nothing
 This function is called by:
		_lcd_init
		_lcd_clear
		_lcd_out
		_lcd_return_home
		_lcd_cursor_position
		_lcd_entry_mode_set
 This function uses a non-reentrant model


 *************** function _Init *****************
 Defined at:
		line 18 in file "main_LCD.c"
 Parameters:    Size  Location     Type
		None
 Auto vars:     Size  Location     Type
		None
 Return value:  Size  Location     Type
                  1    wreg      void 
 Registers used:
		wreg, status,2
 Tracked objects:
		On entry : 
		On exit  : 
		Unchanged: 
 Data sizes:     COMMON   BANK0   BANK1   BANK3   BANK2
      Params:         0       0       0       0       0
      Locals:         0       0       0       0       0
      Temps:          0       0       0       0       0
      Totals:         0       0       0       0       0
Total ram usage:        0 bytes
 Hardware stack levels used:    1
 This function calls:
		Nothing
 This function is called by:
		_main
 This function uses a non-reentrant model



MODULE INFORMATION

Module		Function		Class		Link	Load	Size
main_LCD.c
		_lcd_cmd       		CODE           	069D	0000	43
		_lcd_data      		CODE           	06C7	0000	45
		_main          		CODE           	077B	0000	105
		_lcd_reset     		CODE           	0731	0000	75
		_lcd_clear     		CODE           	0600	0000	17
		_lcd_send_string		CODE           	0634	0000	21
		_Init          		CODE           	0648	0000	24
		_lcd_init      		CODE           	065F	0000	29
		_lcd_out       		CODE           	06F3	0000	63

main_LCD.c estimated size: 422

shared
		__initialization		CODE           	07E3	0000	26

shared estimated size: 26

