Microchip MPLAB XC8 Compiler V1.42 ()

Linker command line:

-W-3 --edf=C:\Program Files (x86)\Microchip\xc8\v1.42\dat\en_msgs.txt -cs \
  -h+dist/default/production\LCD.X.production.sym \
  --cmf=dist/default/production\LCD.X.production.cmf -z -Q16F887 \
  -oC:\Users\MICROC~1\AppData\Local\Temp\s2vk.2 \
  -Mdist/default/production/LCD.X.production.map -E1 -ver=XC8 \
  -ASTACK=0110h-016fh -pstack=STACK -ACODE=00h-07FFhx4 -ASTRCODE=00h-01FFFh \
  -ASTRING=00h-0FFhx32 -ACONST=00h-0FFhx32 -AENTRY=00h-0FFhx32 \
  -ACOMMON=070h-07Fh -ABANK0=020h-06Fh -ABANK1=0A0h-0EFh \
  -ABANK2=0110h-016Fh -ABANK3=0190h-01EFh \
  -ARAM=020h-06Fh,0A0h-0EFh,0110h-016Fh,0190h-01EFh \
  -AABS1=020h-07Fh,0A0h-0EFh,0110h-016Fh,0190h-01EFh -ASFR0=00h-01Fh \
  -ASFR1=080h-09Fh -ASFR2=0100h-010Fh -ASFR3=0180h-018Fh \
  -preset_vec=00h,intentry,init,end_init -ppowerup=CODE -pcinit=CODE \
  -pfunctab=CODE -ACONFIG=02007h-02008h -pconfig=CONFIG -DCONFIG=2 \
  -AIDLOC=02000h-02003h -pidloc=IDLOC -DIDLOC=2 -AEEDATA=00h-0FFh/02100h \
  -peeprom_data=EEDATA -DEEDATA=2 -DCODE=2 -DSTRCODE=2 -DSTRING=2 -DCONST=2 \
  -DENTRY=2 -k C:\Users\MICROC~1\AppData\Local\Temp\s2vk.obj \
  dist/default/production\LCD.X.production.obj 

Object code version is 3.11

Machine type is 16F887



                Name                               Link     Load   Length Selector   Space Scale
C:\Users\MICROC~1\AppData\Local\Temp\s2vk.obj
                end_init                              0        0        3        0       0
                config                             2007     2007        2     400E       0
dist/default/production\LCD.X.production.obj
                cinit                               7FC      7FC        4      FF8       0
                text8                               6A7      6A7       17      D4E       0
                text7                               783      783       2F      F06       0
                text6                               694      694       13      D28       0
                text5                               7B2      7B2       4A      F64       0
                text4                               705      705       28      E0A       0
                text3                               757      757       2C      EAE       0
                text2                               72D      72D       2A      E5A       0
                text1                               6BE      6BE       21      D7C       0
                maintext                            6DF      6DF       26      DBE       0
                cstackBANK0                          20       20        1       20       1
                cstackCOMMON                         70       70        E       70       1
                strings                               3        3       9B        6       0

TOTAL           Name                               Link     Load   Length     Space
        CLASS   STACK          

        CLASS   CODE           
                end_init                              0        0        3         0
                cinit                               7FC      7FC        4         0
                text8                               6A7      6A7       17         0
                text7                               783      783       2F         0
                text6                               694      694       13         0
                text5                               7B2      7B2       4A         0
                text4                               705      705       28         0
                text3                               757      757       2C         0
                text2                               72D      72D       2A         0
                text1                               6BE      6BE       21         0
                maintext                            6DF      6DF       26         0

        CLASS   STRCODE        

        CLASS   STRING         
                strings                               3        3       9B         0

        CLASS   CONST          

        CLASS   ENTRY          

        CLASS   COMMON         
                cstackCOMMON                         70       70        E         1

        CLASS   BANK0          
                cstackBANK0                          20       20        1         1

        CLASS   BANK1          

        CLASS   BANK2          

        CLASS   BANK3          

        CLASS   RAM            

        CLASS   ABS1           
                abs_s1                               7E       7E        2         1

        CLASS   SFR0           

        CLASS   SFR1           

        CLASS   SFR2           

        CLASS   SFR3           

        CLASS   CONFIG         
                config                             2007     2007        2         0

        CLASS   IDLOC          

        CLASS   EEDATA         



SEGMENTS        Name                           Load    Length   Top    Selector   Space  Class     Delta

                reset_vec                      000000  000003  000003         0       0  CODE        2
                strings                        000003  00009B  00009E         6       0  STRING      2
                cstackBANK0                    000020  000001  000021        20       1  BANK0       1
                cstackCOMMON                   000070  00000E  00007E        70       1  COMMON      1
                text6                          000694  000013  0006A7       D28       0  CODE        2
                text8                          0006A7  000017  0006BE       D4E       0  CODE        2
                text1                          0006BE  000021  0006DF       D7C       0  CODE        2
                maintext                       0006DF  000026  000705       DBE       0  CODE        2
                text4                          000705  000028  00072D       E0A       0  CODE        2
                text2                          00072D  00002A  000757       E5A       0  CODE        2
                text3                          000757  00002C  000783       EAE       0  CODE        2
                text7                          000783  00002F  0007B2       F06       0  CODE        2
                text5                          0007B2  00004A  0007FC       F64       0  CODE        2
                cinit                          0007FC  000004  000800       FF8       0  CODE        2
                config                         002007  000002  002009      400E       0  CONFIG      2


UNUSED ADDRESS RANGES

        Name                Unused          Largest block    Delta
        BANK0            0021-006F             4F           1
        BANK1            00A0-00EF             50           1
        BANK2            0110-016F             60           1
        BANK3            0190-01EF             60           1
        CODE             009E-0693            5F6           2
                         0800-1FFF            800
        CONST            009E-0693            100           2
                         0800-1FFF            100
        EEDATA           2100-21FF            100           2
        ENTRY            009E-0693            100           2
                         0800-1FFF            100
        IDLOC            2000-2003              4           2
        RAM              0021-006F             4F           1
                         00A0-00EF             50
                         0110-016F             60
                         0190-01EF             60
        SFR0             0000-001F             20           1
        SFR1             0080-009F             20           1
        SFR2             0100-010F             10           1
        SFR3             0180-018F             10           1
        STACK            0110-016F             60           1
        STRCODE          009E-0693            5F6           2
                         0800-1FFF           1800
        STRING           009E-0693            100           2
                         0800-1FFF            100

                                  Symbol Table

?_strlen                   cstackCOMMON 0070
_ANSEL                     (abs)        0188
_ANSELH                    (abs)        0189
_Init                      text8        06A7
_OSCCON                    (abs)        008F
_PORTA                     (abs)        0005
_PORTB                     (abs)        0006
_PORTD                     (abs)        0008
_PORTE                     (abs)        0009
_TRISA                     (abs)        0085
_TRISB                     (abs)        0086
_TRISC                     (abs)        0087
_TRISD                     (abs)        0088
_TRISE                     (abs)        0089
__CFG_BOR4V$BOR40V         (abs)        0000
__CFG_BOREN$OFF            (abs)        0000
__CFG_CP$OFF               (abs)        0000
__CFG_CPD$OFF              (abs)        0000
__CFG_FCMEN$ON             (abs)        0000
__CFG_FOSC$INTRC_NOCLKOUT  (abs)        0000
__CFG_IESO$OFF             (abs)        0000
__CFG_LVP$ON               (abs)        0000
__CFG_MCLRE$ON             (abs)        0000
__CFG_PWRTE$ON             (abs)        0000
__CFG_WDTE$OFF             (abs)        0000
__CFG_WRT$OFF              (abs)        0000
__Habs1                    abs1         0000
__Hbank0                   bank0        0000
__Hbank1                   bank1        0000
__Hbank2                   bank2        0000
__Hbank3                   bank3        0000
__Hcinit                   cinit        0800
__Hclrtext                 clrtext      0000
__Hcode                    code         0000
__Hcommon                  common       0000
__Hconfig                  config       2009
__HcstackBANK0             cstackBANK0  0000
__HcstackCOMMON            cstackCOMMON 0000
__Heeprom_data             eeprom_data  0000
__Hend_init                end_init     0003
__Hfunctab                 functab      0000
__Hidloc                   idloc        0000
__Hinit                    init         0000
__Hintentry                intentry     0000
__Hmaintext                maintext     0000
__Hpowerup                 powerup      0000
__Hram                     ram          0000
__Hreset_vec               reset_vec    0000
__Hsfr0                    sfr0         0000
__Hsfr1                    sfr1         0000
__Hsfr2                    sfr2         0000
__Hsfr3                    sfr3         0000
__Hspace_0                 (abs)        2009
__Hspace_1                 (abs)        007E
__Hspace_2                 (abs)        0000
__Hspace_3                 (abs)        0000
__Hstack                   stack        0000
__Hstrings                 strings      0000
__Htext                    text         0000
__Labs1                    abs1         0000
__Lbank0                   bank0        0000
__Lbank1                   bank1        0000
__Lbank2                   bank2        0000
__Lbank3                   bank3        0000
__Lcinit                   cinit        07FC
__Lclrtext                 clrtext      0000
__Lcode                    code         0000
__Lcommon                  common       0000
__Lconfig                  config       2007
__LcstackBANK0             cstackBANK0  0000
__LcstackCOMMON            cstackCOMMON 0000
__Leeprom_data             eeprom_data  0000
__Lend_init                end_init     0000
__Lfunctab                 functab      0000
__Lidloc                   idloc        0000
__Linit                    init         0000
__Lintentry                intentry     0000
__Lmaintext                maintext     0000
__Lpowerup                 powerup      0000
__Lram                     ram          0000
__Lreset_vec               reset_vec    0000
__Lsfr0                    sfr0         0000
__Lsfr1                    sfr1         0000
__Lsfr2                    sfr2         0000
__Lsfr3                    sfr3         0000
__Lspace_0                 (abs)        0000
__Lspace_1                 (abs)        0000
__Lspace_2                 (abs)        0000
__Lspace_3                 (abs)        0000
__Lstack                   stack        0000
__Lstrings                 strings      0000
__Ltext                    text         0000
__S0                       (abs)        2009
__S1                       (abs)        007E
__S2                       (abs)        0000
__S3                       (abs)        0000
___int_sp                  stack        0000
___latbits                 (abs)        0002
___sp                      stack        0000
__end_of_Init              text8        06BE
__end_of__initialization   cinit        07FC
__end_of__stringtab        strings      0009
__end_of_lcd_clear         text6        06A7
__end_of_lcd_cmd           text7        07B2
__end_of_lcd_data          text3        0783
__end_of_lcd_init          text4        072D
__end_of_lcd_reset         text5        07FC
__end_of_lcd_send_string1  text1        06DF
__end_of_main              maintext     0705
__end_of_strlen            text2        0757
__end_ofmain@text1         strings      009E
__end_ofmain@text2         strings      008D
__end_ofmain@text3         strings      007C
__end_ofmain@text4         strings      006B
__end_ofmain@text5         strings      005A
__initialization           cinit        07FC
__pcstackBANK0             cstackBANK0  0020
__pcstackCOMMON            cstackCOMMON 0070
__pmaintext                maintext     06DF
__pstrings                 strings      0003
__ptext1                   text1        06BE
__ptext2                   text2        072D
__ptext3                   text3        0757
__ptext4                   text4        0705
__ptext5                   text5        07B2
__ptext6                   text6        0694
__ptext7                   text7        0783
__ptext8                   text8        06A7
__size_of_Init             (abs)        0000
__size_of_lcd_clear        (abs)        0000
__size_of_lcd_cmd          (abs)        0000
__size_of_lcd_data         (abs)        0000
__size_of_lcd_init         (abs)        0000
__size_of_lcd_reset        (abs)        0000
__size_of_lcd_send_string1 (abs)        0000
__size_of_main             (abs)        0000
__size_of_strlen           (abs)        0000
__stringbase               strings      0008
__stringtab                strings      0003
_lcd_clear                 text6        0694
_lcd_cmd                   text7        0783
_lcd_data                  text3        0757
_lcd_init                  text4        0705
_lcd_reset                 text5        07B2
_lcd_send_string1          text1        06BE
_main                      maintext     06DF
_strlen                    text2        072D
btemp                      (abs)        007E
end_of_initialization      cinit        07FC
intlevel0                  functab      0000
intlevel1                  functab      0000
intlevel2                  functab      0000
intlevel3                  functab      0000
intlevel4                  functab      0000
intlevel5                  functab      0000
lcd_cmd@cmd                cstackCOMMON 0070
lcd_data@dat               cstackCOMMON 0071
lcd_send_string1@length    cstackCOMMON 0079
lcd_send_string1@str       cstackCOMMON 007A
main@i                     cstackBANK0  0020
main@text1                 strings      008D
reset_vec                  reset_vec    0000
stackhi                    (abs)        0000
stacklo                    (abs)        0000
start                      init         0000
start_initialization       cinit        07FC
strlen@cp                  cstackCOMMON 0077
strlen@s                   cstackCOMMON 0076
wtemp0                     (abs)        007E


FUNCTION INFORMATION:

 *************** function _main *****************
 Defined at:
		line 149 in file "main_LCD.c"
 Parameters:    Size  Location     Type
		None
 Auto vars:     Size  Location     Type
  i               1    0[BANK0 ] unsigned char 
 Return value:  Size  Location     Type
                  1    wreg      void 
 Registers used:
		wreg, fsr0l, fsr0h, status,2, status,0, btemp+1, pclath, cstack
 Tracked objects:
		On entry : 
		On exit  : 
		Unchanged: 
 Data sizes:     COMMON   BANK0   BANK1   BANK3   BANK2
      Params:         0       0       0       0       0
      Locals:         0       1       0       0       0
      Temps:          3       0       0       0       0
      Totals:         3       1       0       0       0
Total ram usage:        4 bytes
 Hardware stack levels required when called:    3
 This function calls:
		_Init
		_lcd_clear
		_lcd_init
		_lcd_send_string1
 This function is called by:
		Startup code after reset
 This function uses a non-reentrant model


 *************** function _lcd_send_string1 *****************
 Defined at:
		line 95 in file "main_LCD.c"
 Parameters:    Size  Location     Type
  str             1    wreg     PTR unsigned char 
		 -> main@text1(17), 
 Auto vars:     Size  Location     Type
  str             1   10[COMMON] PTR unsigned char 
		 -> main@text1(17), 
  length          1    9[COMMON] unsigned char 
 Return value:  Size  Location     Type
                  1    wreg      void 
 Registers used:
		wreg, fsr0l, fsr0h, status,2, status,0, pclath, cstack
 Tracked objects:
		On entry : 
		On exit  : 
		Unchanged: 
 Data sizes:     COMMON   BANK0   BANK1   BANK3   BANK2
      Params:         0       0       0       0       0
      Locals:         2       0       0       0       0
      Temps:          1       0       0       0       0
      Totals:         3       0       0       0       0
Total ram usage:        3 bytes
 Hardware stack levels used:    1
 Hardware stack levels required when called:    2
 This function calls:
		_lcd_data
		_strlen
 This function is called by:
		_main
 This function uses a non-reentrant model


 *************** function _strlen *****************
 Defined at:
		line 4 in file "C:\Program Files (x86)\Microchip\xc8\v1.42\sources\common\strlen.c"
 Parameters:    Size  Location     Type
  s               1    wreg     PTR const unsigned char 
		 -> main@text1(17), 
 Auto vars:     Size  Location     Type
  s               1    6[COMMON] PTR const unsigned char 
		 -> main@text1(17), 
  cp              1    7[COMMON] PTR const unsigned char 
		 -> main@text1(17), 
 Return value:  Size  Location     Type
                  2    0[COMMON] unsigned int 
 Registers used:
		wreg, fsr0l, fsr0h, status,2, status,0, pclath
 Tracked objects:
		On entry : 
		On exit  : 
		Unchanged: 
 Data sizes:     COMMON   BANK0   BANK1   BANK3   BANK2
      Params:         2       0       0       0       0
      Locals:         2       0       0       0       0
      Temps:          4       0       0       0       0
      Totals:         8       0       0       0       0
Total ram usage:        8 bytes
 Hardware stack levels used:    2
 This function calls:
		Nothing
 This function is called by:
		_lcd_send_string1
 This function uses a non-reentrant model


 *************** function _lcd_data *****************
 Defined at:
		line 78 in file "main_LCD.c"
 Parameters:    Size  Location     Type
  dat             1    wreg     unsigned char 
 Auto vars:     Size  Location     Type
  dat             1    1[COMMON] unsigned char 
 Return value:  Size  Location     Type
                  1    wreg      void 
 Registers used:
		wreg, status,2, status,0
 Tracked objects:
		On entry : 
		On exit  : 
		Unchanged: 
 Data sizes:     COMMON   BANK0   BANK1   BANK3   BANK2
      Params:         0       0       0       0       0
      Locals:         1       0       0       0       0
      Temps:          1       0       0       0       0
      Totals:         2       0       0       0       0
Total ram usage:        2 bytes
 Hardware stack levels used:    1
 This function calls:
		Nothing
 This function is called by:
		_lcd_send_string1
		_lcd_send_string
 This function uses a non-reentrant model


 *************** function _lcd_init *****************
 Defined at:
		line 65 in file "main_LCD.c"
 Parameters:    Size  Location     Type
		None
 Auto vars:     Size  Location     Type
		None
 Return value:  Size  Location     Type
                  1    wreg      void 
 Registers used:
		wreg, status,2, status,0, btemp+1, pclath, cstack
 Tracked objects:
		On entry : 
		On exit  : 
		Unchanged: 
 Data sizes:     COMMON   BANK0   BANK1   BANK3   BANK2
      Params:         0       0       0       0       0
      Locals:         0       0       0       0       0
      Temps:          0       0       0       0       0
      Totals:         0       0       0       0       0
Total ram usage:        0 bytes
 Hardware stack levels used:    1
 Hardware stack levels required when called:    1
 This function calls:
		_lcd_cmd
		_lcd_reset
 This function is called by:
		_main
 This function uses a non-reentrant model


 *************** function _lcd_reset *****************
 Defined at:
		line 35 in file "main_LCD.c"
 Parameters:    Size  Location     Type
		None
 Auto vars:     Size  Location     Type
		None
 Return value:  Size  Location     Type
                  1    wreg      void 
 Registers used:
		wreg
 Tracked objects:
		On entry : 
		On exit  : 
		Unchanged: 
 Data sizes:     COMMON   BANK0   BANK1   BANK3   BANK2
      Params:         0       0       0       0       0
      Locals:         0       0       0       0       0
      Temps:          2       0       0       0       0
      Totals:         2       0       0       0       0
Total ram usage:        2 bytes
 Hardware stack levels used:    1
 This function calls:
		Nothing
 This function is called by:
		_lcd_init
 This function uses a non-reentrant model


 *************** function _lcd_clear *****************
 Defined at:
		line 101 in file "main_LCD.c"
 Parameters:    Size  Location     Type
		None
 Auto vars:     Size  Location     Type
		None
 Return value:  Size  Location     Type
                  1    wreg      void 
 Registers used:
		wreg, status,2, status,0, btemp+1, pclath, cstack
 Tracked objects:
		On entry : 
		On exit  : 
		Unchanged: 
 Data sizes:     COMMON   BANK0   BANK1   BANK3   BANK2
      Params:         0       0       0       0       0
      Locals:         0       0       0       0       0
      Temps:          2       0       0       0       0
      Totals:         2       0       0       0       0
Total ram usage:        2 bytes
 Hardware stack levels used:    1
 Hardware stack levels required when called:    1
 This function calls:
		_lcd_cmd
 This function is called by:
		_main
 This function uses a non-reentrant model


 *************** function _lcd_cmd *****************
 Defined at:
		line 53 in file "main_LCD.c"
 Parameters:    Size  Location     Type
  cmd             2    0[COMMON] int 
 Auto vars:     Size  Location     Type
		None
 Return value:  Size  Location     Type
                  1    wreg      void 
 Registers used:
		wreg, status,2, status,0, btemp+1
 Tracked objects:
		On entry : 
		On exit  : 
		Unchanged: 
 Data sizes:     COMMON   BANK0   BANK1   BANK3   BANK2
      Params:         2       0       0       0       0
      Locals:         0       0       0       0       0
      Temps:          2       0       0       0       0
      Totals:         4       0       0       0       0
Total ram usage:        4 bytes
 Hardware stack levels used:    1
 This function calls:
		Nothing
 This function is called by:
		_lcd_init
		_lcd_clear
		_lcd_return_home
		_lcd_cursor_position
		_lcd_out
		_lcd_entry_mode_set
 This function uses a non-reentrant model


 *************** function _Init *****************
 Defined at:
		line 23 in file "main_LCD.c"
 Parameters:    Size  Location     Type
		None
 Auto vars:     Size  Location     Type
		None
 Return value:  Size  Location     Type
                  1    wreg      void 
 Registers used:
		wreg, status,2
 Tracked objects:
		On entry : 
		On exit  : 
		Unchanged: 
 Data sizes:     COMMON   BANK0   BANK1   BANK3   BANK2
      Params:         0       0       0       0       0
      Locals:         0       0       0       0       0
      Temps:          0       0       0       0       0
      Totals:         0       0       0       0       0
Total ram usage:        0 bytes
 Hardware stack levels used:    1
 This function calls:
		Nothing
 This function is called by:
		_main
 This function uses a non-reentrant model



MODULE INFORMATION

Module		Function		Class		Link	Load	Size
main_LCD.c
		_lcd_cmd       		CODE           	0783	0000	48
		_lcd_data      		CODE           	0757	0000	45
		_main          		CODE           	06DF	0000	39
		_lcd_reset     		CODE           	07B2	0000	75
		_lcd_clear     		CODE           	0694	0000	20
		_Init          		CODE           	06A7	0000	24
		_lcd_send_string1		CODE           	06BE	0000	34
		_lcd_init      		CODE           	0705	0000	41

main_LCD.c estimated size: 326

C:\Program Files (x86)\Microchip\xc8\v1.42\sources\common\strlen.c
		_strlen        		CODE           	072D	0000	43

C:\Program Files (x86)\Microchip\xc8\v1.42\sources\common\strlen.c estimated size: 43

shared
		__stringtab    		STRING         	0003	0000	7
		__initialization		CODE           	07FC	0000	1
		main@text1     		STRING         	008D	0000	18
		main@text2     		STRING         	0000	0000	0
		main@text3     		STRING         	0000	0000	0
		main@text4     		STRING         	0000	0000	0
		main@text5     		STRING         	0000	0000	0

shared estimated size: 26

